###############################################################################
#
# IAR ELF Linker V9.40.1.364/W64 for ARM                  03/Aug/2023  13:35:12
# Copyright 2007-2023 IAR Systems AB.
#
#    Output file  =
#        D:\stm32f407 discovery\stm32
#        project\STM32_DMA_MultiADC_ver2\EWARM\STM32_DMA_MultiADC_ver2\Exe\STM32_DMA_MultiADC_ver2.out
#    Map file     =
#        D:\stm32f407 discovery\stm32
#        project\STM32_DMA_MultiADC_ver2\EWARM\STM32_DMA_MultiADC_ver2\List\STM32_DMA_MultiADC_ver2.map
#    Command line =
#        -f "D:\stm32f407 discovery\stm32
#        project\STM32_DMA_MultiADC_ver2\EWARM\STM32_DMA_MultiADC_ver2\Exe\STM32_DMA_MultiADC_ver2.out.rsp"
#        ("D:\stm32f407 discovery\stm32
#        project\STM32_DMA_MultiADC_ver2\EWARM\STM32_DMA_MultiADC_ver2\Obj\Core_13247989168731456611.dir\main.o"
#        "D:\stm32f407 discovery\stm32
#        project\STM32_DMA_MultiADC_ver2\EWARM\STM32_DMA_MultiADC_ver2\Obj\EWARM_18443280873093131863.dir\startup_stm32f407xx.o"
#        "D:\stm32f407 discovery\stm32
#        project\STM32_DMA_MultiADC_ver2\EWARM\STM32_DMA_MultiADC_ver2\Obj\STM32F4xx_HAL_Driver_1244631019742807970.dir\stm32f4xx_hal.o"
#        "D:\stm32f407 discovery\stm32
#        project\STM32_DMA_MultiADC_ver2\EWARM\STM32_DMA_MultiADC_ver2\Obj\STM32F4xx_HAL_Driver_1244631019742807970.dir\stm32f4xx_hal_adc.o"
#        "D:\stm32f407 discovery\stm32
#        project\STM32_DMA_MultiADC_ver2\EWARM\STM32_DMA_MultiADC_ver2\Obj\STM32F4xx_HAL_Driver_1244631019742807970.dir\stm32f4xx_hal_adc_ex.o"
#        "D:\stm32f407 discovery\stm32
#        project\STM32_DMA_MultiADC_ver2\EWARM\STM32_DMA_MultiADC_ver2\Obj\STM32F4xx_HAL_Driver_1244631019742807970.dir\stm32f4xx_hal_cortex.o"
#        "D:\stm32f407 discovery\stm32
#        project\STM32_DMA_MultiADC_ver2\EWARM\STM32_DMA_MultiADC_ver2\Obj\STM32F4xx_HAL_Driver_1244631019742807970.dir\stm32f4xx_hal_dma.o"
#        "D:\stm32f407 discovery\stm32
#        project\STM32_DMA_MultiADC_ver2\EWARM\STM32_DMA_MultiADC_ver2\Obj\STM32F4xx_HAL_Driver_1244631019742807970.dir\stm32f4xx_hal_dma_ex.o"
#        "D:\stm32f407 discovery\stm32
#        project\STM32_DMA_MultiADC_ver2\EWARM\STM32_DMA_MultiADC_ver2\Obj\STM32F4xx_HAL_Driver_1244631019742807970.dir\stm32f4xx_hal_exti.o"
#        "D:\stm32f407 discovery\stm32
#        project\STM32_DMA_MultiADC_ver2\EWARM\STM32_DMA_MultiADC_ver2\Obj\STM32F4xx_HAL_Driver_1244631019742807970.dir\stm32f4xx_hal_flash.o"
#        "D:\stm32f407 discovery\stm32
#        project\STM32_DMA_MultiADC_ver2\EWARM\STM32_DMA_MultiADC_ver2\Obj\STM32F4xx_HAL_Driver_1244631019742807970.dir\stm32f4xx_hal_flash_ex.o"
#        "D:\stm32f407 discovery\stm32
#        project\STM32_DMA_MultiADC_ver2\EWARM\STM32_DMA_MultiADC_ver2\Obj\STM32F4xx_HAL_Driver_1244631019742807970.dir\stm32f4xx_hal_flash_ramfunc.o"
#        "D:\stm32f407 discovery\stm32
#        project\STM32_DMA_MultiADC_ver2\EWARM\STM32_DMA_MultiADC_ver2\Obj\STM32F4xx_HAL_Driver_1244631019742807970.dir\stm32f4xx_hal_gpio.o"
#        "D:\stm32f407 discovery\stm32
#        project\STM32_DMA_MultiADC_ver2\EWARM\STM32_DMA_MultiADC_ver2\Obj\Core_13247989168731456611.dir\stm32f4xx_hal_msp.o"
#        "D:\stm32f407 discovery\stm32
#        project\STM32_DMA_MultiADC_ver2\EWARM\STM32_DMA_MultiADC_ver2\Obj\STM32F4xx_HAL_Driver_1244631019742807970.dir\stm32f4xx_hal_pwr.o"
#        "D:\stm32f407 discovery\stm32
#        project\STM32_DMA_MultiADC_ver2\EWARM\STM32_DMA_MultiADC_ver2\Obj\STM32F4xx_HAL_Driver_1244631019742807970.dir\stm32f4xx_hal_pwr_ex.o"
#        "D:\stm32f407 discovery\stm32
#        project\STM32_DMA_MultiADC_ver2\EWARM\STM32_DMA_MultiADC_ver2\Obj\STM32F4xx_HAL_Driver_1244631019742807970.dir\stm32f4xx_hal_rcc.o"
#        "D:\stm32f407 discovery\stm32
#        project\STM32_DMA_MultiADC_ver2\EWARM\STM32_DMA_MultiADC_ver2\Obj\STM32F4xx_HAL_Driver_1244631019742807970.dir\stm32f4xx_hal_rcc_ex.o"
#        "D:\stm32f407 discovery\stm32
#        project\STM32_DMA_MultiADC_ver2\EWARM\STM32_DMA_MultiADC_ver2\Obj\STM32F4xx_HAL_Driver_1244631019742807970.dir\stm32f4xx_hal_tim.o"
#        "D:\stm32f407 discovery\stm32
#        project\STM32_DMA_MultiADC_ver2\EWARM\STM32_DMA_MultiADC_ver2\Obj\STM32F4xx_HAL_Driver_1244631019742807970.dir\stm32f4xx_hal_tim_ex.o"
#        "D:\stm32f407 discovery\stm32
#        project\STM32_DMA_MultiADC_ver2\EWARM\STM32_DMA_MultiADC_ver2\Obj\STM32F4xx_HAL_Driver_1244631019742807970.dir\stm32f4xx_hal_uart.o"
#        "D:\stm32f407 discovery\stm32
#        project\STM32_DMA_MultiADC_ver2\EWARM\STM32_DMA_MultiADC_ver2\Obj\Core_13247989168731456611.dir\stm32f4xx_it.o"
#        "D:\stm32f407 discovery\stm32
#        project\STM32_DMA_MultiADC_ver2\EWARM\STM32_DMA_MultiADC_ver2\Obj\STM32F4xx_HAL_Driver_1244631019742807970.dir\stm32f4xx_ll_adc.o"
#        "D:\stm32f407 discovery\stm32
#        project\STM32_DMA_MultiADC_ver2\EWARM\STM32_DMA_MultiADC_ver2\Obj\CMSIS_6603591812247902717.dir\system_stm32f4xx.o"
#        --no_out_extension -o "D:\stm32f407 discovery\stm32
#        project\STM32_DMA_MultiADC_ver2\EWARM\STM32_DMA_MultiADC_ver2\Exe\STM32_DMA_MultiADC_ver2.out"
#        --redirect _Printf=_PrintfFullNoMb --redirect _Scanf=_ScanfFullNoMb
#        --map "D:\stm32f407 discovery\stm32
#        project\STM32_DMA_MultiADC_ver2\EWARM\STM32_DMA_MultiADC_ver2\List\STM32_DMA_MultiADC_ver2.map"
#        --config "D:\stm32f407 discovery\stm32
#        project\STM32_DMA_MultiADC_ver2\EWARM/stm32f407xx_flash.icf"
#        --semihosting --entry __iar_program_start --vfe --text_out locale
#        --cpu=Cortex-M4 --fpu=VFPv4_sp) --dependencies=n "D:\stm32f407
#        discovery\stm32
#        project\STM32_DMA_MultiADC_ver2\EWARM\STM32_DMA_MultiADC_ver2\Exe\STM32_DMA_MultiADC_ver2.out.iar_deps"
#
###############################################################################

*******************************************************************************
*** RUNTIME MODEL ATTRIBUTES
***

CppFlavor       = *
__CPP_Runtime   = 1
__SystemLibrary = DLib
__dlib_version  = 6


*******************************************************************************
*** HEAP SELECTION
***

The basic heap was selected because --advanced_heap
was not specified and the application did not appear to
be primarily optimized for speed.


*******************************************************************************
*** PLACEMENT SUMMARY
***

"A0":  place at address 0x800'0000 { ro section .intvec };
"P1":  place in [from 0x800'0000 to 0x80f'ffff] { ro };
define block CSTACK with size = 1K, alignment = 8 { };
define block HEAP with size = 512, alignment = 8 { };
"P2":  place in [from 0x2000'0000 to 0x2001'ffff] {
          rw, block CSTACK, block HEAP };
initialize by copy { rw };

  Section            Kind         Address    Size  Object
  -------            ----         -------    ----  ------
"A0":                                       0x188
  .intvec            ro code   0x800'0000   0x188  startup_stm32f407xx.o [3]
                             - 0x800'0188   0x188

"P1":                                      0x1b3c
  .text              ro code   0x800'0188   0x53e  stm32f4xx_hal_adc.o [4]
  .text              ro code   0x800'06c6    0x2a  copy_init3.o [7]
  .text              ro code   0x800'06f0   0x14c  stm32f4xx_hal_msp.o [2]
  .text              ro code   0x800'083c     0xc  stm32f4xx_hal.o [4]
  .text              ro code   0x800'0848   0x368  stm32f4xx_hal_dma.o [4]
  .text              ro code   0x800'0bb0     0x2  stm32f4xx_hal_adc.o [4]
  .text              ro code   0x800'0bb2     0x2  stm32f4xx_hal_adc.o [4]
  .text              ro code   0x800'0bb4     0x2  stm32f4xx_hal_adc.o [4]
  .text              ro code   0x800'0bb8   0x200  stm32f4xx_hal_gpio.o [4]
  .text              ro code   0x800'0db8   0x228  main.o [2]
  .text              ro code   0x800'0fe0    0x14  memset.o [7]
  .text              ro code   0x800'0ff4    0x34  stm32f4xx_hal.o [4]
  .text              ro code   0x800'1028    0xc4  stm32f4xx_hal_cortex.o [4]
  .text              ro code   0x800'10ec   0x294  stm32f4xx_hal_uart.o [4]
  .text              ro code   0x800'1380   0x320  stm32f4xx_hal_rcc.o [4]
  .text              ro code   0x800'16a0   0x14c  stm32f4xx_hal_rcc.o [4]
  .text              ro code   0x800'17ec    0x66  ABImemset.o [7]
  .text              ro code   0x800'1854    0x40  stm32f4xx_hal.o [4]
  .text              ro code   0x800'1894   0x106  I64DivMod_small.o [7]
  .text              ro code   0x800'199c    0x60  stm32f4xx_hal_rcc.o [4]
  .text              ro code   0x800'19fc     0x2  I64DivZer.o [7]
  .text              ro code   0x800'19fe    0x38  zero_init3.o [7]
  .text              ro code   0x800'1a38    0x28  data_init.o [7]
  .text              ro code   0x800'1a60    0x22  fpinit_M.o [6]
  .iar.init_table    const     0x800'1a84    0x24  - Linker created -
  .text              ro code   0x800'1aa8    0x20  stm32f4xx_it.o [2]
  .text              ro code   0x800'1ac8    0x10  stm32f4xx_hal.o [4]
  .text              ro code   0x800'1ad8    0x20  system_stm32f4xx.o [1]
  .text              ro code   0x800'1af8    0x1e  cmain.o [7]
  .text              ro code   0x800'1b16     0x4  low_level_init.o [5]
  .text              ro code   0x800'1b1a     0x4  exit.o [5]
  .text              ro code   0x800'1b20     0xa  cexit.o [7]
  .text              ro code   0x800'1b2c    0x14  exit.o [8]
  .text              ro code   0x800'1b40    0x1c  cstartup_M.o [7]
  .text              ro code   0x800'1b5c    0x10  startup_stm32f407xx.o [3]
  Initializer bytes  const     0x800'1b6c    0x10  <for P2-1>
  .rodata            const     0x800'1b7c     0x8  system_stm32f4xx.o [1]
  .text              ro code   0x800'1b84     0x4  startup_stm32f407xx.o [3]
  .text              ro code   0x800'1b88     0x4  startup_stm32f407xx.o [3]
  .text              ro code   0x800'1b8c     0x4  startup_stm32f407xx.o [3]
  .text              ro code   0x800'1b90     0x4  startup_stm32f407xx.o [3]
  .text              ro code   0x800'1b94     0x4  startup_stm32f407xx.o [3]
  .text              ro code   0x800'1b98     0x4  startup_stm32f407xx.o [3]
  .text              ro code   0x800'1b9c     0x4  startup_stm32f407xx.o [3]
  .text              ro code   0x800'1ba0     0x4  startup_stm32f407xx.o [3]
  .text              ro code   0x800'1ba4     0x4  startup_stm32f407xx.o [3]
  .text              ro code   0x800'1ba8     0x4  startup_stm32f407xx.o [3]
  .text              ro code   0x800'1bac     0x4  startup_stm32f407xx.o [3]
  .text              ro code   0x800'1bb0     0x4  startup_stm32f407xx.o [3]
  .text              ro code   0x800'1bb4     0x4  startup_stm32f407xx.o [3]
  .text              ro code   0x800'1bb8     0x4  startup_stm32f407xx.o [3]
  .text              ro code   0x800'1bbc     0x4  startup_stm32f407xx.o [3]
  .text              ro code   0x800'1bc0     0x4  startup_stm32f407xx.o [3]
  .text              ro code   0x800'1bc4     0x4  startup_stm32f407xx.o [3]
  .text              ro code   0x800'1bc8     0x4  startup_stm32f407xx.o [3]
  .text              ro code   0x800'1bcc     0x4  startup_stm32f407xx.o [3]
  .text              ro code   0x800'1bd0     0x4  startup_stm32f407xx.o [3]
  .text              ro code   0x800'1bd4     0x4  startup_stm32f407xx.o [3]
  .text              ro code   0x800'1bd8     0x4  startup_stm32f407xx.o [3]
  .text              ro code   0x800'1bdc     0x4  startup_stm32f407xx.o [3]
  .text              ro code   0x800'1be0     0x4  startup_stm32f407xx.o [3]
  .text              ro code   0x800'1be4     0x4  startup_stm32f407xx.o [3]
  .text              ro code   0x800'1be8     0x4  startup_stm32f407xx.o [3]
  .text              ro code   0x800'1bec     0x4  startup_stm32f407xx.o [3]
  .text              ro code   0x800'1bf0     0x4  startup_stm32f407xx.o [3]
  .text              ro code   0x800'1bf4     0x4  startup_stm32f407xx.o [3]
  .text              ro code   0x800'1bf8     0x4  startup_stm32f407xx.o [3]
  .text              ro code   0x800'1bfc     0x4  startup_stm32f407xx.o [3]
  .text              ro code   0x800'1c00     0x4  startup_stm32f407xx.o [3]
  .text              ro code   0x800'1c04     0x4  startup_stm32f407xx.o [3]
  .text              ro code   0x800'1c08     0x4  startup_stm32f407xx.o [3]
  .text              ro code   0x800'1c0c     0x4  startup_stm32f407xx.o [3]
  .text              ro code   0x800'1c10     0x4  startup_stm32f407xx.o [3]
  .text              ro code   0x800'1c14     0x4  startup_stm32f407xx.o [3]
  .text              ro code   0x800'1c18     0x4  startup_stm32f407xx.o [3]
  .text              ro code   0x800'1c1c     0x4  startup_stm32f407xx.o [3]
  .text              ro code   0x800'1c20     0x4  startup_stm32f407xx.o [3]
  .text              ro code   0x800'1c24     0x4  startup_stm32f407xx.o [3]
  .text              ro code   0x800'1c28     0x4  startup_stm32f407xx.o [3]
  .text              ro code   0x800'1c2c     0x4  startup_stm32f407xx.o [3]
  .text              ro code   0x800'1c30     0x4  startup_stm32f407xx.o [3]
  .text              ro code   0x800'1c34     0x4  startup_stm32f407xx.o [3]
  .text              ro code   0x800'1c38     0x4  startup_stm32f407xx.o [3]
  .text              ro code   0x800'1c3c     0x4  startup_stm32f407xx.o [3]
  .text              ro code   0x800'1c40     0x4  startup_stm32f407xx.o [3]
  .text              ro code   0x800'1c44     0x4  startup_stm32f407xx.o [3]
  .text              ro code   0x800'1c48     0x4  startup_stm32f407xx.o [3]
  .text              ro code   0x800'1c4c     0x4  startup_stm32f407xx.o [3]
  .text              ro code   0x800'1c50     0x4  startup_stm32f407xx.o [3]
  .text              ro code   0x800'1c54     0x4  startup_stm32f407xx.o [3]
  .text              ro code   0x800'1c58     0x4  startup_stm32f407xx.o [3]
  .text              ro code   0x800'1c5c     0x4  startup_stm32f407xx.o [3]
  .text              ro code   0x800'1c60     0x4  startup_stm32f407xx.o [3]
  .text              ro code   0x800'1c64     0x4  startup_stm32f407xx.o [3]
  .text              ro code   0x800'1c68     0x4  startup_stm32f407xx.o [3]
  .text              ro code   0x800'1c6c     0x4  startup_stm32f407xx.o [3]
  .text              ro code   0x800'1c70     0x4  startup_stm32f407xx.o [3]
  .text              ro code   0x800'1c74     0x4  startup_stm32f407xx.o [3]
  .text              ro code   0x800'1c78     0x4  startup_stm32f407xx.o [3]
  .text              ro code   0x800'1c7c     0x4  startup_stm32f407xx.o [3]
  .text              ro code   0x800'1c80     0x4  startup_stm32f407xx.o [3]
  .text              ro code   0x800'1c84     0x4  startup_stm32f407xx.o [3]
  .text              ro code   0x800'1c88     0x4  startup_stm32f407xx.o [3]
  .text              ro code   0x800'1c8c     0x4  startup_stm32f407xx.o [3]
  .text              ro code   0x800'1c90     0x4  startup_stm32f407xx.o [3]
  .text              ro code   0x800'1c94     0x4  startup_stm32f407xx.o [3]
  .text              ro code   0x800'1c98     0x4  startup_stm32f407xx.o [3]
  .text              ro code   0x800'1c9c     0x4  startup_stm32f407xx.o [3]
  .text              ro code   0x800'1ca0     0x4  startup_stm32f407xx.o [3]
  .text              ro code   0x800'1ca4     0x4  startup_stm32f407xx.o [3]
  .text              ro code   0x800'1ca8     0x4  startup_stm32f407xx.o [3]
  .text              ro code   0x800'1cac     0x4  startup_stm32f407xx.o [3]
  .text              ro code   0x800'1cb0     0x4  startup_stm32f407xx.o [3]
  .text              ro code   0x800'1cb4     0x4  startup_stm32f407xx.o [3]
  .text              ro code   0x800'1cb8     0x4  startup_stm32f407xx.o [3]
  .text              ro code   0x800'1cbc     0x4  startup_stm32f407xx.o [3]
  .text              ro code   0x800'1cc0     0x4  startup_stm32f407xx.o [3]
  .rodata            const     0x800'1cc4     0x0  zero_init3.o [7]
  .rodata            const     0x800'1cc4     0x0  copy_init3.o [7]
                             - 0x800'1cc4  0x1b3c

"P2", part 1 of 3:                           0x10
  P2-1                        0x2000'0000    0x10  <Init block>
    .data            inited   0x2000'0000     0xc  stm32f4xx_hal.o [4]
    .data            inited   0x2000'000c     0x4  system_stm32f4xx.o [1]
                            - 0x2000'0010    0x10

"P2", part 2 of 3:                           0xfc
  .bss               zero     0x2000'0010    0x9c  main.o [2]
  .bss               zero     0x2000'00ac    0x60  main.o [2]
                            - 0x2000'010c    0xfc

"P2", part 3 of 3:                          0x400
  CSTACK                      0x2000'0110   0x400  <Block>
    CSTACK           uninit   0x2000'0110   0x400  <Block tail>
                            - 0x2000'0510   0x400

Unused ranges:

         From           To      Size
         ----           --      ----
   0x800'1cc4   0x80f'ffff  0xf'e33c
  0x2000'010c  0x2000'010f       0x4
  0x2000'0510  0x2001'ffff  0x1'faf0


*******************************************************************************
*** INIT TABLE
***

          Address      Size
          -------      ----
Zero (__iar_zero_init3)
    1 destination range, total size 0xfc:
          0x2000'0010  0xfc

Copy (__iar_copy_init3)
    1 source range, total size 0x10:
           0x800'1b6c  0x10
    1 destination range, total size 0x10:
          0x2000'0000  0x10



*******************************************************************************
*** MODULE SUMMARY
***

    Module                  ro code  ro data  rw data
    ------                  -------  -------  -------
command line/config:
    -------------------------------------------------
    Total:

D:\stm32f407 discovery\stm32 project\STM32_DMA_MultiADC_ver2\EWARM\STM32_DMA_MultiADC_ver2\Obj\CMSIS_6603591812247902717.dir: [1]
    system_stm32f4xx.o           32       12        4
    -------------------------------------------------
    Total:                       32       12        4

D:\stm32f407 discovery\stm32 project\STM32_DMA_MultiADC_ver2\EWARM\STM32_DMA_MultiADC_ver2\Obj\Core_13247989168731456611.dir: [2]
    main.o                      552               252
    stm32f4xx_hal_msp.o         332
    stm32f4xx_it.o               32
    -------------------------------------------------
    Total:                      916               252

D:\stm32f407 discovery\stm32 project\STM32_DMA_MultiADC_ver2\EWARM\STM32_DMA_MultiADC_ver2\Obj\EWARM_18443280873093131863.dir: [3]
    startup_stm32f407xx.o       728
    -------------------------------------------------
    Total:                      728

D:\stm32f407 discovery\stm32 project\STM32_DMA_MultiADC_ver2\EWARM\STM32_DMA_MultiADC_ver2\Obj\STM32F4xx_HAL_Driver_1244631019742807970.dir: [4]
    stm32f4xx_hal.o             144       12       12
    stm32f4xx_hal_adc.o       1'348
    stm32f4xx_hal_cortex.o      196
    stm32f4xx_hal_dma.o         872
    stm32f4xx_hal_gpio.o        512
    stm32f4xx_hal_rcc.o       1'228
    stm32f4xx_hal_uart.o        660
    -------------------------------------------------
    Total:                    4'960       12       12

dl7M_tln.a: [5]
    exit.o                        4
    low_level_init.o              4
    -------------------------------------------------
    Total:                        8

m7M_tls.a: [6]
    fpinit_M.o                   34
    -------------------------------------------------
    Total:                       34

rt7M_tl.a: [7]
    ABImemset.o                 102
    I64DivMod_small.o           262
    I64DivZer.o                   2
    cexit.o                      10
    cmain.o                      30
    copy_init3.o                 42
    cstartup_M.o                 28
    data_init.o                  40
    memset.o                     20
    zero_init3.o                 56
    -------------------------------------------------
    Total:                      592

shb_l.a: [8]
    exit.o                       20
    -------------------------------------------------
    Total:                       20

    Gaps                         12        2
    Linker created                        36    1'024
-----------------------------------------------------
    Grand Total:              7'302       62    1'292


*******************************************************************************
*** ENTRY LIST
***

Entry                       Address   Size  Type      Object
-----                       -------   ----  ----      ------
.iar.init_table$$Base    0x800'1a84          --   Gb  - Linker created -
.iar.init_table$$Limit   0x800'1aa8          --   Gb  - Linker created -
?main                    0x800'1af9         Code  Gb  cmain.o [7]
ADC_DMAConvCplt          0x800'0645   0x66  Code  Lc  stm32f4xx_hal_adc.o [4]
ADC_DMAError             0x800'06b5   0x12  Code  Lc  stm32f4xx_hal_adc.o [4]
ADC_DMAHalfConvCplt      0x800'06ad    0x6  Code  Lc  stm32f4xx_hal_adc.o [4]
ADC_IRQHandler           0x800'1bcd         Code  Wk  startup_stm32f407xx.o [3]
AHBPrescTable            0x800'1ae8   0x10  Data  Gb  system_stm32f4xx.o [1]
APBPrescTable            0x800'1b7c    0x8  Data  Gb  system_stm32f4xx.o [1]
BusFault_Handler         0x800'1aaf    0x2  Code  Gb  stm32f4xx_it.o [2]
CAN1_RX0_IRQHandler      0x800'1bd5         Code  Wk  startup_stm32f407xx.o [3]
CAN1_RX1_IRQHandler      0x800'1bd9         Code  Wk  startup_stm32f407xx.o [3]
CAN1_SCE_IRQHandler      0x800'1bdd         Code  Wk  startup_stm32f407xx.o [3]
CAN1_TX_IRQHandler       0x800'1bd1         Code  Wk  startup_stm32f407xx.o [3]
CAN2_RX0_IRQHandler      0x800'1c81         Code  Wk  startup_stm32f407xx.o [3]
CAN2_RX1_IRQHandler      0x800'1c85         Code  Wk  startup_stm32f407xx.o [3]
CAN2_SCE_IRQHandler      0x800'1c89         Code  Wk  startup_stm32f407xx.o [3]
CAN2_TX_IRQHandler       0x800'1c7d         Code  Wk  startup_stm32f407xx.o [3]
CSTACK$$Base            0x2000'0110          --   Gb  - Linker created -
CSTACK$$Limit           0x2000'0510          --   Gb  - Linker created -
DCMI_IRQHandler          0x800'1cb9         Code  Wk  startup_stm32f407xx.o [3]
DMA1_Stream0_IRQHandler
                         0x800'1bb1         Code  Wk  startup_stm32f407xx.o [3]
DMA1_Stream1_IRQHandler
                         0x800'1bb5         Code  Wk  startup_stm32f407xx.o [3]
DMA1_Stream2_IRQHandler
                         0x800'1bb9         Code  Wk  startup_stm32f407xx.o [3]
DMA1_Stream3_IRQHandler
                         0x800'1bbd         Code  Wk  startup_stm32f407xx.o [3]
DMA1_Stream4_IRQHandler
                         0x800'1bc1         Code  Wk  startup_stm32f407xx.o [3]
DMA1_Stream5_IRQHandler
                         0x800'1bc5         Code  Wk  startup_stm32f407xx.o [3]
DMA1_Stream6_IRQHandler
                         0x800'1bc9         Code  Wk  startup_stm32f407xx.o [3]
DMA1_Stream7_IRQHandler
                         0x800'1c41         Code  Wk  startup_stm32f407xx.o [3]
DMA2_Stream0_IRQHandler
                         0x800'1abd    0x6  Code  Gb  stm32f4xx_it.o [2]
DMA2_Stream1_IRQHandler
                         0x800'1c65         Code  Wk  startup_stm32f407xx.o [3]
DMA2_Stream2_IRQHandler
                         0x800'1c69         Code  Wk  startup_stm32f407xx.o [3]
DMA2_Stream3_IRQHandler
                         0x800'1c6d         Code  Wk  startup_stm32f407xx.o [3]
DMA2_Stream4_IRQHandler
                         0x800'1c71         Code  Wk  startup_stm32f407xx.o [3]
DMA2_Stream5_IRQHandler
                         0x800'1c91         Code  Wk  startup_stm32f407xx.o [3]
DMA2_Stream6_IRQHandler
                         0x800'1c95         Code  Wk  startup_stm32f407xx.o [3]
DMA2_Stream7_IRQHandler
                         0x800'1c99         Code  Wk  startup_stm32f407xx.o [3]
DMA_CalcBaseAndBitshift
                         0x800'0b81   0x26  Code  Lc  stm32f4xx_hal_dma.o [4]
DMA_CalcBaseAndBitshift::flagBitshiftOffset
                         0x800'0ba8    0x8  Data  Lc  stm32f4xx_hal_dma.o [4]
DMA_SetConfig            0x800'0b61   0x20  Code  Lc  stm32f4xx_hal_dma.o [4]
DebugMon_Handler         0x800'1ab5    0x2  Code  Gb  stm32f4xx_it.o [2]
ETH_IRQHandler           0x800'1c75         Code  Wk  startup_stm32f407xx.o [3]
ETH_WKUP_IRQHandler      0x800'1c79         Code  Wk  startup_stm32f407xx.o [3]
EXTI0_IRQHandler         0x800'1b9d         Code  Wk  startup_stm32f407xx.o [3]
EXTI15_10_IRQHandler     0x800'1c25         Code  Wk  startup_stm32f407xx.o [3]
EXTI1_IRQHandler         0x800'1ba1         Code  Wk  startup_stm32f407xx.o [3]
EXTI2_IRQHandler         0x800'1ba5         Code  Wk  startup_stm32f407xx.o [3]
EXTI3_IRQHandler         0x800'1ba9         Code  Wk  startup_stm32f407xx.o [3]
EXTI4_IRQHandler         0x800'1bad         Code  Wk  startup_stm32f407xx.o [3]
EXTI9_5_IRQHandler       0x800'1be1         Code  Wk  startup_stm32f407xx.o [3]
Error_Handler            0x800'0fdd    0x4  Code  Gb  main.o [2]
FLASH_IRQHandler         0x800'1b95         Code  Wk  startup_stm32f407xx.o [3]
FPU_IRQHandler           0x800'1cc1         Code  Wk  startup_stm32f407xx.o [3]
FSMC_IRQHandler          0x800'1c45         Code  Wk  startup_stm32f407xx.o [3]
HAL_ADC_ConfigChannel    0x800'04eb  0x110  Code  Gb  stm32f4xx_hal_adc.o [4]
HAL_ADC_ConvCpltCallback
                         0x800'0bb1    0x2  Code  Wk  stm32f4xx_hal_adc.o [4]
HAL_ADC_ConvHalfCpltCallback
                         0x800'0bb5    0x2  Code  Wk  stm32f4xx_hal_adc.o [4]
HAL_ADC_ErrorCallback    0x800'0bb3    0x2  Code  Wk  stm32f4xx_hal_adc.o [4]
HAL_ADC_Init             0x800'0189  0x156  Code  Gb  stm32f4xx_hal_adc.o [4]
HAL_ADC_MspInit          0x800'0725   0x8c  Code  Gb  stm32f4xx_hal_msp.o [2]
HAL_ADC_PollForConversion
                         0x800'02f3   0xa6  Code  Gb  stm32f4xx_hal_adc.o [4]
HAL_ADC_Start_DMA        0x800'03bf  0x12c  Code  Gb  stm32f4xx_hal_adc.o [4]
HAL_DMA_IRQHandler       0x800'09a3  0x18e  Code  Gb  stm32f4xx_hal_dma.o [4]
HAL_DMA_Init             0x800'0849   0xee  Code  Gb  stm32f4xx_hal_dma.o [4]
HAL_DMA_Start_IT         0x800'0937   0x6c  Code  Gb  stm32f4xx_hal_dma.o [4]
HAL_GPIO_Init            0x800'0bb9  0x1d4  Code  Gb  stm32f4xx_hal_gpio.o [4]
HAL_GetTick              0x800'083d    0xc  Code  Wk  stm32f4xx_hal.o [4]
HAL_IncTick              0x800'1ac9   0x10  Code  Wk  stm32f4xx_hal.o [4]
HAL_Init                 0x800'0ff5   0x30  Code  Gb  stm32f4xx_hal.o [4]
HAL_InitTick             0x800'1855   0x40  Code  Wk  stm32f4xx_hal.o [4]
HAL_MspInit              0x800'06f1   0x34  Code  Gb  stm32f4xx_hal_msp.o [2]
HAL_NVIC_EnableIRQ       0x800'1097   0x16  Code  Gb  stm32f4xx_hal_cortex.o [4]
HAL_NVIC_SetPriority     0x800'105d   0x3a  Code  Gb  stm32f4xx_hal_cortex.o [4]
HAL_NVIC_SetPriorityGrouping
                         0x800'1043   0x1a  Code  Gb  stm32f4xx_hal_cortex.o [4]
HAL_RCC_ClockConfig      0x800'16a1  0x100  Code  Gb  stm32f4xx_hal_rcc.o [4]
HAL_RCC_GetPCLK1Freq     0x800'17ad   0x10  Code  Gb  stm32f4xx_hal_rcc.o [4]
HAL_RCC_GetPCLK2Freq     0x800'17bd    0xe  Code  Gb  stm32f4xx_hal_rcc.o [4]
HAL_RCC_GetSysClockFreq
                         0x800'199d   0x60  Code  Wk  stm32f4xx_hal_rcc.o [4]
HAL_RCC_OscConfig        0x800'1381  0x320  Code  Wk  stm32f4xx_hal_rcc.o [4]
HAL_SYSTICK_Config       0x800'10ad   0x22  Code  Gb  stm32f4xx_hal_cortex.o [4]
HAL_UART_GetState        0x800'1217    0xc  Code  Gb  stm32f4xx_hal_uart.o [4]
HAL_UART_Init            0x800'10ed   0x1e  Code  Gb  stm32f4xx_hal_uart.o [4]
HAL_UART_MspInit         0x800'07b1   0x58  Code  Gb  stm32f4xx_hal_msp.o [2]
HAL_UART_Transmit        0x800'1167   0xb0  Code  Gb  stm32f4xx_hal_uart.o [4]
HASH_RNG_IRQHandler      0x800'1cbd         Code  Wk  startup_stm32f407xx.o [3]
HardFault_Handler        0x800'1aab    0x2  Code  Gb  stm32f4xx_it.o [2]
I2C1_ER_IRQHandler       0x800'1c05         Code  Wk  startup_stm32f407xx.o [3]
I2C1_EV_IRQHandler       0x800'1c01         Code  Wk  startup_stm32f407xx.o [3]
I2C2_ER_IRQHandler       0x800'1c0d         Code  Wk  startup_stm32f407xx.o [3]
I2C2_EV_IRQHandler       0x800'1c09         Code  Wk  startup_stm32f407xx.o [3]
I2C3_ER_IRQHandler       0x800'1ca5         Code  Wk  startup_stm32f407xx.o [3]
I2C3_EV_IRQHandler       0x800'1ca1         Code  Wk  startup_stm32f407xx.o [3]
MemManage_Handler        0x800'1aad    0x2  Code  Gb  stm32f4xx_it.o [2]
NMI_Handler              0x800'1aa9    0x2  Code  Gb  stm32f4xx_it.o [2]
OTG_FS_IRQHandler        0x800'1c8d         Code  Wk  startup_stm32f407xx.o [3]
OTG_FS_WKUP_IRQHandler   0x800'1c2d         Code  Wk  startup_stm32f407xx.o [3]
OTG_HS_EP1_IN_IRQHandler
                         0x800'1cad         Code  Wk  startup_stm32f407xx.o [3]
OTG_HS_EP1_OUT_IRQHandler
                         0x800'1ca9         Code  Wk  startup_stm32f407xx.o [3]
OTG_HS_IRQHandler        0x800'1cb5         Code  Wk  startup_stm32f407xx.o [3]
OTG_HS_WKUP_IRQHandler   0x800'1cb1         Code  Wk  startup_stm32f407xx.o [3]
PVD_IRQHandler           0x800'1b89         Code  Wk  startup_stm32f407xx.o [3]
PendSV_Handler           0x800'1ab7    0x2  Code  Gb  stm32f4xx_it.o [2]
RCC_IRQHandler           0x800'1b99         Code  Wk  startup_stm32f407xx.o [3]
RTC_Alarm_IRQHandler     0x800'1c29         Code  Wk  startup_stm32f407xx.o [3]
RTC_WKUP_IRQHandler      0x800'1b91         Code  Wk  startup_stm32f407xx.o [3]
Region$$Table$$Base      0x800'1a84          --   Gb  - Linker created -
Region$$Table$$Limit     0x800'1aa8          --   Gb  - Linker created -
Reset_Handler            0x800'1b5d         Code  Wk  startup_stm32f407xx.o [3]
SDIO_IRQHandler          0x800'1c49         Code  Wk  startup_stm32f407xx.o [3]
SPI1_IRQHandler          0x800'1c11         Code  Wk  startup_stm32f407xx.o [3]
SPI2_IRQHandler          0x800'1c15         Code  Wk  startup_stm32f407xx.o [3]
SPI3_IRQHandler          0x800'1c51         Code  Wk  startup_stm32f407xx.o [3]
SVC_Handler              0x800'1ab3    0x2  Code  Gb  stm32f4xx_it.o [2]
SysTick_Handler          0x800'1ab9    0x4  Code  Gb  stm32f4xx_it.o [2]
SystemClock_Config       0x800'0f1f   0xa2  Code  Gb  main.o [2]
SystemCoreClock         0x2000'000c    0x4  Data  Gb  system_stm32f4xx.o [1]
SystemInit               0x800'1ad9    0xc  Code  Gb  system_stm32f4xx.o [1]
TAMP_STAMP_IRQHandler    0x800'1b8d         Code  Wk  startup_stm32f407xx.o [3]
TIM1_BRK_TIM9_IRQHandler
                         0x800'1be5         Code  Wk  startup_stm32f407xx.o [3]
TIM1_CC_IRQHandler       0x800'1bf1         Code  Wk  startup_stm32f407xx.o [3]
TIM1_TRG_COM_TIM11_IRQHandler
                         0x800'1bed         Code  Wk  startup_stm32f407xx.o [3]
TIM1_UP_TIM10_IRQHandler
                         0x800'1be9         Code  Wk  startup_stm32f407xx.o [3]
TIM2_IRQHandler          0x800'1bf5         Code  Wk  startup_stm32f407xx.o [3]
TIM3_IRQHandler          0x800'1bf9         Code  Wk  startup_stm32f407xx.o [3]
TIM4_IRQHandler          0x800'1bfd         Code  Wk  startup_stm32f407xx.o [3]
TIM5_IRQHandler          0x800'1c4d         Code  Wk  startup_stm32f407xx.o [3]
TIM6_DAC_IRQHandler      0x800'1c5d         Code  Wk  startup_stm32f407xx.o [3]
TIM7_IRQHandler          0x800'1c61         Code  Wk  startup_stm32f407xx.o [3]
TIM8_BRK_TIM12_IRQHandler
                         0x800'1c31         Code  Wk  startup_stm32f407xx.o [3]
TIM8_CC_IRQHandler       0x800'1c3d         Code  Wk  startup_stm32f407xx.o [3]
TIM8_TRG_COM_TIM14_IRQHandler
                         0x800'1c39         Code  Wk  startup_stm32f407xx.o [3]
TIM8_UP_TIM13_IRQHandler
                         0x800'1c35         Code  Wk  startup_stm32f407xx.o [3]
UART4_IRQHandler         0x800'1c55         Code  Wk  startup_stm32f407xx.o [3]
UART5_IRQHandler         0x800'1c59         Code  Wk  startup_stm32f407xx.o [3]
UART_SetConfig           0x800'12b9   0xb0  Code  Lc  stm32f4xx_hal_uart.o [4]
UART_WaitOnFlagUntilTimeout
                         0x800'1223   0x60  Code  Lc  stm32f4xx_hal_uart.o [4]
USART1_IRQHandler        0x800'1c19         Code  Wk  startup_stm32f407xx.o [3]
USART2_IRQHandler        0x800'1c1d         Code  Wk  startup_stm32f407xx.o [3]
USART3_IRQHandler        0x800'1c21         Code  Wk  startup_stm32f407xx.o [3]
USART6_IRQHandler        0x800'1c9d         Code  Wk  startup_stm32f407xx.o [3]
UsageFault_Handler       0x800'1ab1    0x2  Code  Gb  stm32f4xx_it.o [2]
WWDG_IRQHandler          0x800'1b85         Code  Wk  startup_stm32f407xx.o [3]
__NVIC_SetPriority       0x800'1029   0x1a  Code  Lc  stm32f4xx_hal_cortex.o [4]
__aeabi_ldiv0            0x800'19fd         Code  Gb  I64DivZer.o [7]
__aeabi_memset           0x800'17ed         Code  Gb  ABImemset.o [7]
__cmain                  0x800'1af9         Code  Gb  cmain.o [7]
__exit                   0x800'1b2d   0x14  Code  Gb  exit.o [8]
__iar_Memset             0x800'17ed         Code  Gb  ABImemset.o [7]
__iar_Memset_word        0x800'17f5         Code  Gb  ABImemset.o [7]
__iar_copy_init3         0x800'06c7   0x2a  Code  Gb  copy_init3.o [7]
__iar_data_init3         0x800'1a39   0x28  Code  Gb  data_init.o [7]
__iar_init_vfp           0x800'1a61         Code  Gb  fpinit_M.o [6]
__iar_program_start      0x800'1b41         Code  Gb  cstartup_M.o [7]
__iar_small_uldivmod     0x800'1895         Code  Gb  I64DivMod_small.o [7]
__iar_zero_init3         0x800'19ff   0x38  Code  Gb  zero_init3.o [7]
__low_level_init         0x800'1b17    0x4  Code  Gb  low_level_init.o [5]
__vector_table           0x800'0000         Data  Gb  startup_stm32f407xx.o [3]
_call_main               0x800'1b05         Code  Gb  cmain.o [7]
_exit                    0x800'1b21         Code  Gb  cexit.o [7]
adc1_ch0                0x2000'0064    0x2  Data  Gb  main.o [2]
adc1_ch1                0x2000'0066    0x2  Data  Gb  main.o [2]
adc_data                0x2000'0058    0x4  Data  Gb  main.o [2]
adc_value               0x2000'0060    0x4  Data  Gb  main.o [2]
checksum                0x2000'005c    0x1  Data  Gb  main.o [2]
exit                     0x800'1b1b    0x4  Code  Gb  exit.o [5]
hadc1                   0x2000'0010   0x48  Data  Gb  main.o [2]
hdma_adc1               0x2000'00ac   0x60  Data  Gb  main.o [2]
huart1                  0x2000'0068   0x44  Data  Gb  main.o [2]
main                     0x800'0db9  0x166  Code  Gb  main.o [2]
memset                   0x800'0fe1   0x14  Code  Gb  memset.o [7]
uwTick                  0x2000'0004    0x4  Data  Gb  stm32f4xx_hal.o [4]
uwTickFreq              0x2000'0000    0x1  Data  Gb  stm32f4xx_hal.o [4]
uwTickPrio              0x2000'0008    0x4  Data  Gb  stm32f4xx_hal.o [4]


[1] = D:\stm32f407 discovery\stm32 project\STM32_DMA_MultiADC_ver2\EWARM\STM32_DMA_MultiADC_ver2\Obj\CMSIS_6603591812247902717.dir
[2] = D:\stm32f407 discovery\stm32 project\STM32_DMA_MultiADC_ver2\EWARM\STM32_DMA_MultiADC_ver2\Obj\Core_13247989168731456611.dir
[3] = D:\stm32f407 discovery\stm32 project\STM32_DMA_MultiADC_ver2\EWARM\STM32_DMA_MultiADC_ver2\Obj\EWARM_18443280873093131863.dir
[4] = D:\stm32f407 discovery\stm32 project\STM32_DMA_MultiADC_ver2\EWARM\STM32_DMA_MultiADC_ver2\Obj\STM32F4xx_HAL_Driver_1244631019742807970.dir
[5] = dl7M_tln.a
[6] = m7M_tls.a
[7] = rt7M_tl.a
[8] = shb_l.a

  7'302 bytes of readonly  code memory
     62 bytes of readonly  data memory
  1'292 bytes of readwrite data memory

Errors: none
Warnings: none
